// Jest Snapshot v1, https://goo.gl/fbAQLP

exports[`TouchButton to match snapshot 1`] = `
<View
  accessible={true}
  focusable={false}
  onClick={[Function]}
  onResponderGrant={[Function]}
  onResponderMove={[Function]}
  onResponderRelease={[Function]}
  onResponderTerminate={[Function]}
  onResponderTerminationRequest={[Function]}
  onStartShouldSetResponder={[Function]}
  style={
    Object {
      "alignContent": "center",
      "alignItems": "center",
      "backgroundColor": "#FFF",
      "borderRadius": 20,
      "flexDirection": "row",
      "justifyContent": "center",
      "opacity": 1,
      "padding": 14,
      "width": "100%",
    }
  }
>
  <Text
    style={
      Array [
        Object {
          "color": "#000",
          "fontSize": 16,
          "fontWeight": "bold",
        },
        undefined,
      ]
    }
  >
    CUSTOM_DATETIME_PICKER:OPEN
  </Text>
</View>
`;
