// Jest Snapshot v1, https://goo.gl/fbAQLP

exports[`renders the example correctly 1`] = `
<div>
  <div
    class="exampleContainer"
  >
    <h2
      class="title"
    >
      Active state controlled by the TabBar component
    </h2>
    <div
      class="optionsContainer tab"
    >
      <button
        class="option"
        type="button"
      >
        Opción 1
      </button>
      <div
        class="separator active"
      />
      <button
        class="option active"
        type="button"
      >
        Opción 2
      </button>
      <div
        class="separator"
      />
      <button
        class="option"
        type="button"
      >
        Opción 3
      </button>
    </div>
    <h3
      class="firstContent"
    >
      Selected tab with id: 1
    </h3>
    <h2
      class="title"
    >
      Active state controlled by the TabBar's parent component
    </h2>
    <div
      class="optionsContainer tab"
    >
      <button
        class="option"
        type="button"
      >
        Opción 1
      </button>
      <div
        class="separator active"
      />
      <button
        class="option active"
        type="button"
      >
        Opción 2
      </button>
      <div
        class="separator"
      />
      <button
        class="option"
        type="button"
      >
        Opción 3
      </button>
    </div>
    <h3>
      Selected tab with id: 20
    </h3>
    <button
      class="button"
      type="button"
    >
      Go to next tab
    </button>
    <h2
      class="title"
    >
      TabBar with disabled tab
    </h2>
    <div
      class="optionsContainer tab"
    >
      <button
        class="option"
        type="button"
      >
        Opción 1
      </button>
      <div
        class="separator"
      />
      <button
        class="option"
        type="button"
      >
        Opción 2
      </button>
      <div
        class="separator"
      />
      <button
        class="option disabled"
        disabled=""
        type="button"
      >
        Opción 3
      </button>
    </div>
    <h3
      class="firstContent"
    >
      Selected tab with id: id1
    </h3>
  </div>
</div>
`;
