// Jest Snapshot v1, https://goo.gl/fbAQLP

exports[`#Login When the component is mounted matches last snapshot 1`] = `
<RootComponent>
  <BrowserRouter>
    <Router
      history={
        Object {
          "action": "POP",
          "block": [Function],
          "createHref": [Function],
          "go": [Function],
          "goBack": [Function],
          "goForward": [Function],
          "length": 1,
          "listen": [Function],
          "location": Object {
            "hash": "",
            "pathname": "/",
            "search": "",
            "state": undefined,
          },
          "push": [Function],
          "replace": [Function],
        }
      }
    >
      <Switch>
        <LoginContainer
          computedMatch={
            Object {
              "isExact": true,
              "params": Object {},
              "path": "/",
              "url": "/",
            }
          }
          location={
            Object {
              "hash": "",
              "pathname": "/",
              "search": "",
              "state": undefined,
            }
          }
        >
          <WithSpinner(Login)
            loading={false}
            loginError={null}
            onEmailChange={[Function]}
            onLogin={[Function]}
            onPasswordChange={[Function]}
          >
            <Login
              loginError={null}
              onEmailChange={[Function]}
              onLogin={[Function]}
              onPasswordChange={[Function]}
            >
              <div
                className="column center full-width container"
              >
                <div
                  className="column center m-bottom-3"
                >
                  <h1
                    className="m-bottom-1"
                  />
                  <h2 />
                </div>
                <form
                  className="column m-bottom-2 formContainer"
                  onSubmit={[Function]}
                >
                  <FormInput
                    inputClassName="m-bottom-2 full-width input"
                    inputType="text"
                    label=""
                    name=":email"
                    onChange={[Function]}
                    placeholder=""
                  >
                    <div
                      className="column start "
                    >
                      <input
                        className="m-bottom-2 full-width input input "
                        disabled={false}
                        id=":email"
                        name=":email"
                        onChange={[Function]}
                        placeholder=""
                        readOnly={false}
                        type="text"
                      />
                      <span
                        className=" errorText "
                      />
                    </div>
                  </FormInput>
                  <FormInput
                    inputClassName="m-bottom-2 full-width input"
                    inputType="password"
                    label=""
                    name=":password"
                    onChange={[Function]}
                    placeholder=""
                  >
                    <div
                      className="column start "
                    >
                      <input
                        className="m-bottom-2 full-width input input "
                        disabled={false}
                        id=":password"
                        name=":password"
                        onChange={[Function]}
                        placeholder=""
                        readOnly={false}
                        type="password"
                      />
                      <span
                        className=" errorText "
                      />
                    </div>
                  </FormInput>
                  <div
                    className="column center"
                  >
                    <button
                      className="full-width m-bottom-1 button"
                      type="submit"
                    />
                    <span
                      className="row center middle full-width m-top-1 m-bottom-1 hidden"
                    />
                    <a
                      href="/recover_password"
                    />
                    <a
                      href="/registration"
                    />
                  </div>
                </form>
              </div>
            </Login>
          </WithSpinner(Login)>
        </LoginContainer>
      </Switch>
    </Router>
  </BrowserRouter>
</RootComponent>
`;
