// Jest Snapshot v1, https://goo.gl/fbAQLP

exports[`test tab-bar component match to the snapshot 1`] = `
<div>
  <div
    class="tabsContainer"
  >
    <label
      class="radioLabel"
      for="tab-1"
    >
      <i
        class="icon :D"
        role="icon-1"
      />
      <input
        class="tabInput"
        id="tab-1"
        name="tab"
        type="radio"
        value="1"
      />
      Primera tab
    </label>
    <label
      class="radioLabel"
      for="tab-2"
    >
      <i
        class="icon :C"
        role="icon-2"
      />
      <input
        class="tabInput"
        id="tab-2"
        name="tab"
        type="radio"
        value="2"
      />
      Segunda tab
    </label>
  </div>
</div>
`;
