// Jest Snapshot v1, https://goo.gl/fbAQLP

exports[` CustomDateTimePicker to match snapshot 1`] = `
<View
  accessibilityLabel=""
  style={
    Array [
      Object {
        "backgroundColor": "transparent",
      },
      undefined,
    ]
  }
>
  <View
    accessible={true}
    focusable={true}
    onClick={[Function]}
    onResponderGrant={[Function]}
    onResponderMove={[Function]}
    onResponderRelease={[Function]}
    onResponderTerminate={[Function]}
    onResponderTerminationRequest={[Function]}
    onStartShouldSetResponder={[Function]}
    style={
      Object {
        "alignContent": "center",
        "alignItems": "center",
        "backgroundColor": "#FFF",
        "borderRadius": 20,
        "flexDirection": "row",
        "justifyContent": "center",
        "opacity": 1,
        "padding": 14,
        "width": "100%",
      }
    }
  >
    <Text
      style={
        Array [
          Object {
            "color": "#000",
            "fontSize": 16,
            "fontWeight": "bold",
          },
          undefined,
        ]
      }
    >
      CUSTOM_DATETIME_PICKER:OPEN
    </Text>
  </View>
  <Modal
    animationType="none"
    hardwareAccelerated={false}
    isVisible={false}
    onHide={[Function]}
    transparent={true}
    visible={false}
  >
    <View
      accessible={true}
      focusable={true}
      onClick={[Function]}
      onResponderGrant={[Function]}
      onResponderMove={[Function]}
      onResponderRelease={[Function]}
      onResponderTerminate={[Function]}
      onResponderTerminationRequest={[Function]}
      onStartShouldSetResponder={[Function]}
      style={
        Object {
          "backgroundColor": "black",
          "bottom": 0,
          "height": 1334,
          "left": 0,
          "opacity": 0,
          "position": "absolute",
          "right": 0,
          "top": 0,
          "width": 750,
        }
      }
    />
  </Modal>
</View>
`;
